<?xml version="1.0" encoding="ISO-8859-1" ?>
<link_info>
   <banner>MSP430 Linker PC v20.2.4.LTS</banner>
   <copyright>Copyright (c) 2003-2018 Texas Instruments Incorporated</copyright>
   <link_time>0x5ffed89f</link_time>
   <link_errors>0x0</link_errors>
   <output_file>Blink_LED.out</output_file>
   <entry_point>
      <name>_c_int00_noinit_noargs</name>
      <address>0xf8c8</address>
   </entry_point>
   <input_file_list>
      <input_file id="fl-2">
         <path>.\</path>
         <kind>object</kind>
         <file>main.obj</file>
         <name>main.obj</name>
      </input_file>
      <input_file id="fl-2a">
         <path>C:\ti\ccs1011\ccs\tools\compiler\ti-cgt-msp430_20.2.4.LTS\lib\</path>
         <kind>archive</kind>
         <file>rts430_eabi.lib</file>
         <name>copy_zero_init.c.obj</name>
      </input_file>
      <input_file id="fl-2b">
         <path>C:\ti\ccs1011\ccs\tools\compiler\ti-cgt-msp430_20.2.4.LTS\lib\</path>
         <kind>archive</kind>
         <file>rts430_eabi.lib</file>
         <name>cpy_tbl.c.obj</name>
      </input_file>
      <input_file id="fl-2c">
         <path>C:\ti\ccs1011\ccs\tools\compiler\ti-cgt-msp430_20.2.4.LTS\lib\</path>
         <kind>archive</kind>
         <file>rts430_eabi.lib</file>
         <name>mpu_init.c.obj</name>
      </input_file>
      <input_file id="fl-2d">
         <path>C:\ti\ccs1011\ccs\tools\compiler\ti-cgt-msp430_20.2.4.LTS\lib\</path>
         <kind>archive</kind>
         <file>rts430_eabi.lib</file>
         <name>pre_init.c.obj</name>
      </input_file>
      <input_file id="fl-2f">
         <path>C:\ti\ccs1011\ccs\tools\compiler\ti-cgt-msp430_20.2.4.LTS\lib\</path>
         <kind>archive</kind>
         <file>rts430_eabi.lib</file>
         <name>copy_decompress_none.c.obj</name>
      </input_file>
      <input_file id="fl-30">
         <path>C:\ti\ccs1011\ccs\tools\compiler\ti-cgt-msp430_20.2.4.LTS\lib\</path>
         <kind>archive</kind>
         <file>rts430_eabi.lib</file>
         <name>copy_decompress_lzss.c.obj</name>
      </input_file>
      <input_file id="fl-32">
         <path>C:\ti\ccs1011\ccs\tools\compiler\ti-cgt-msp430_20.2.4.LTS\lib\</path>
         <kind>archive</kind>
         <file>rts430_eabi.lib</file>
         <name>_lock.c.obj</name>
      </input_file>
      <input_file id="fl-34">
         <path>C:\ti\ccs1011\ccs\tools\compiler\ti-cgt-msp430_20.2.4.LTS\lib\</path>
         <kind>archive</kind>
         <file>rts430_eabi.lib</file>
         <name>memcpy.c.obj</name>
      </input_file>
      <input_file id="fl-39">
         <path>C:\ti\ccs1011\ccs\tools\compiler\ti-cgt-msp430_20.2.4.LTS\lib\</path>
         <kind>archive</kind>
         <file>rts430_eabi.lib</file>
         <name>exit_gvars.c.obj</name>
      </input_file>
      <input_file id="fl-3a">
         <path>C:\Users\HBHugo\AppData\Local\Temp\</path>
         <kind>object</kind>
         <file>{567ED000-3B9F-45C1-859B-E398919736F7}</file>
         <name>{567ED000-3B9F-45C1-859B-E398919736F7}</name>
      </input_file>
      <input_file id="fl-7">
         <kind>object</kind>
         <file>&lt;internal&gt;</file>
         <name>&lt;internal&gt;</name>
      </input_file>
      <input_file id="fl-1d">
         <path>C:\ti\ccs1011\ccs\tools\compiler\ti-cgt-msp430_20.2.4.LTS\lib\</path>
         <kind>archive</kind>
         <file>rts430_eabi.lib</file>
         <name>int05.asm.obj</name>
      </input_file>
      <input_file id="fl-1e">
         <path>C:\ti\ccs1011\ccs\tools\compiler\ti-cgt-msp430_20.2.4.LTS\lib\</path>
         <kind>archive</kind>
         <file>rts430_eabi.lib</file>
         <name>int06.asm.obj</name>
      </input_file>
      <input_file id="fl-1f">
         <path>C:\ti\ccs1011\ccs\tools\compiler\ti-cgt-msp430_20.2.4.LTS\lib\</path>
         <kind>archive</kind>
         <file>rts430_eabi.lib</file>
         <name>int07.asm.obj</name>
      </input_file>
      <input_file id="fl-20">
         <path>C:\ti\ccs1011\ccs\tools\compiler\ti-cgt-msp430_20.2.4.LTS\lib\</path>
         <kind>archive</kind>
         <file>rts430_eabi.lib</file>
         <name>int08.asm.obj</name>
      </input_file>
      <input_file id="fl-21">
         <path>C:\ti\ccs1011\ccs\tools\compiler\ti-cgt-msp430_20.2.4.LTS\lib\</path>
         <kind>archive</kind>
         <file>rts430_eabi.lib</file>
         <name>int09.asm.obj</name>
      </input_file>
      <input_file id="fl-22">
         <path>C:\ti\ccs1011\ccs\tools\compiler\ti-cgt-msp430_20.2.4.LTS\lib\</path>
         <kind>archive</kind>
         <file>rts430_eabi.lib</file>
         <name>int10.asm.obj</name>
      </input_file>
      <input_file id="fl-23">
         <path>C:\ti\ccs1011\ccs\tools\compiler\ti-cgt-msp430_20.2.4.LTS\lib\</path>
         <kind>archive</kind>
         <file>rts430_eabi.lib</file>
         <name>int11.asm.obj</name>
      </input_file>
      <input_file id="fl-24">
         <path>C:\ti\ccs1011\ccs\tools\compiler\ti-cgt-msp430_20.2.4.LTS\lib\</path>
         <kind>archive</kind>
         <file>rts430_eabi.lib</file>
         <name>int12.asm.obj</name>
      </input_file>
      <input_file id="fl-25">
         <path>C:\ti\ccs1011\ccs\tools\compiler\ti-cgt-msp430_20.2.4.LTS\lib\</path>
         <kind>archive</kind>
         <file>rts430_eabi.lib</file>
         <name>int13.asm.obj</name>
      </input_file>
      <input_file id="fl-26">
         <path>C:\ti\ccs1011\ccs\tools\compiler\ti-cgt-msp430_20.2.4.LTS\lib\</path>
         <kind>archive</kind>
         <file>rts430_eabi.lib</file>
         <name>int14.asm.obj</name>
      </input_file>
      <input_file id="fl-27">
         <path>C:\ti\ccs1011\ccs\tools\compiler\ti-cgt-msp430_20.2.4.LTS\lib\</path>
         <kind>archive</kind>
         <file>rts430_eabi.lib</file>
         <name>isr_trap.asm.obj</name>
      </input_file>
      <input_file id="fl-28">
         <path>C:\ti\ccs1011\ccs\tools\compiler\ti-cgt-msp430_20.2.4.LTS\lib\</path>
         <kind>archive</kind>
         <file>rts430_eabi.lib</file>
         <name>boot.c.obj</name>
      </input_file>
      <input_file id="fl-29">
         <path>C:\ti\ccs1011\ccs\tools\compiler\ti-cgt-msp430_20.2.4.LTS\lib\</path>
         <kind>archive</kind>
         <file>rts430_eabi.lib</file>
         <name>autoinit.c.obj</name>
      </input_file>
      <input_file id="fl-2e">
         <path>C:\ti\ccs1011\ccs\tools\compiler\ti-cgt-msp430_20.2.4.LTS\lib\</path>
         <kind>archive</kind>
         <file>rts430_eabi.lib</file>
         <name>startup.c.obj</name>
      </input_file>
      <input_file id="fl-31">
         <path>C:\ti\ccs1011\ccs\tools\compiler\ti-cgt-msp430_20.2.4.LTS\lib\</path>
         <kind>archive</kind>
         <file>rts430_eabi.lib</file>
         <name>exit.c.obj</name>
      </input_file>
      <input_file id="fl-33">
         <path>C:\ti\ccs1011\ccs\tools\compiler\ti-cgt-msp430_20.2.4.LTS\lib\</path>
         <kind>archive</kind>
         <file>rts430_eabi.lib</file>
         <name>args_main.c.obj</name>
      </input_file>
      <input_file id="fl-35">
         <path>C:\ti\ccs1011\ccs\tools\compiler\ti-cgt-msp430_20.2.4.LTS\lib\</path>
         <kind>archive</kind>
         <file>rts430_eabi.lib</file>
         <name>epilog.asm.obj</name>
      </input_file>
      <input_file id="fl-36">
         <path>C:\ti\ccs1011\ccs\tools\compiler\ti-cgt-msp430_20.2.4.LTS\lib\</path>
         <kind>archive</kind>
         <file>rts430_eabi.lib</file>
         <name>lsl16.asm.obj</name>
      </input_file>
      <input_file id="fl-37">
         <path>C:\ti\ccs1011\ccs\tools\compiler\ti-cgt-msp430_20.2.4.LTS\lib\</path>
         <kind>archive</kind>
         <file>rts430_eabi.lib</file>
         <name>lsr16.asm.obj</name>
      </input_file>
      <input_file id="fl-38">
         <path>C:\ti\ccs1011\ccs\tools\compiler\ti-cgt-msp430_20.2.4.LTS\lib\</path>
         <kind>archive</kind>
         <file>rts430_eabi.lib</file>
         <name>mult16.asm.obj</name>
      </input_file>
   </input_file_list>
   <object_component_list>
      <object_component id="oc-286">
         <name>.binit</name>
         <load_address>0xf840</load_address>
         <run_address>0xf840</run_address>
         <size>0x0</size>
      </object_component>
      <object_component id="oc-1ca">
         <name>.text:main</name>
         <load_address>0xf840</load_address>
         <run_address>0xf840</run_address>
         <size>0x88</size>
         <input_file_ref idref="fl-2"/>
      </object_component>
      <object_component id="oc-170">
         <name>.text:_c_int00_noinit_noargs</name>
         <load_address>0xf8c8</load_address>
         <run_address>0xf8c8</run_address>
         <size>0x14</size>
         <input_file_ref idref="fl-28"/>
      </object_component>
      <object_component id="oc-15f">
         <name>.text:_isr:__TI_ISR_TRAP</name>
         <load_address>0xf8dc</load_address>
         <run_address>0xf8dc</run_address>
         <size>0x8</size>
         <input_file_ref idref="fl-27"/>
      </object_component>
      <object_component id="oc-1ed">
         <name>.text:abort</name>
         <load_address>0xf8e4</load_address>
         <run_address>0xf8e4</run_address>
         <size>0x6</size>
         <input_file_ref idref="fl-31"/>
      </object_component>
      <object_component id="oc-1c4">
         <name>.text:_system_pre_init</name>
         <load_address>0xf8ea</load_address>
         <run_address>0xf8ea</run_address>
         <size>0x4</size>
         <input_file_ref idref="fl-2d"/>
      </object_component>
      <object_component id="oc-139">
         <name>.stack</name>
         <uninitialized>true</uninitialized>
         <run_address>0x2bb0</run_address>
         <size>0x2</size>
         <input_file_ref idref="fl-28"/>
      </object_component>
      <object_component id="oc-2c2">
         <name>.stack</name>
         <uninitialized>true</uninitialized>
         <run_address>0x2bb0</run_address>
         <size>0x0</size>
      </object_component>
      <object_component id="oc-3f">
         <name>.int05</name>
         <load_address>0xffea</load_address>
         <run_address>0xffea</run_address>
         <size>0x2</size>
         <input_file_ref idref="fl-1d"/>
      </object_component>
      <object_component id="oc-40">
         <name>.int06</name>
         <load_address>0xffec</load_address>
         <run_address>0xffec</run_address>
         <size>0x2</size>
         <input_file_ref idref="fl-1e"/>
      </object_component>
      <object_component id="oc-41">
         <name>.int07</name>
         <load_address>0xffee</load_address>
         <run_address>0xffee</run_address>
         <size>0x2</size>
         <input_file_ref idref="fl-1f"/>
      </object_component>
      <object_component id="oc-42">
         <name>.int08</name>
         <load_address>0xfff0</load_address>
         <run_address>0xfff0</run_address>
         <size>0x2</size>
         <input_file_ref idref="fl-20"/>
      </object_component>
      <object_component id="oc-43">
         <name>.int09</name>
         <load_address>0xfff2</load_address>
         <run_address>0xfff2</run_address>
         <size>0x2</size>
         <input_file_ref idref="fl-21"/>
      </object_component>
      <object_component id="oc-44">
         <name>.int10</name>
         <load_address>0xfff4</load_address>
         <run_address>0xfff4</run_address>
         <size>0x2</size>
         <input_file_ref idref="fl-22"/>
      </object_component>
      <object_component id="oc-45">
         <name>.int11</name>
         <load_address>0xfff6</load_address>
         <run_address>0xfff6</run_address>
         <size>0x2</size>
         <input_file_ref idref="fl-23"/>
      </object_component>
      <object_component id="oc-46">
         <name>.int12</name>
         <load_address>0xfff8</load_address>
         <run_address>0xfff8</run_address>
         <size>0x2</size>
         <input_file_ref idref="fl-24"/>
      </object_component>
      <object_component id="oc-47">
         <name>.int13</name>
         <load_address>0xfffa</load_address>
         <run_address>0xfffa</run_address>
         <size>0x2</size>
         <input_file_ref idref="fl-25"/>
      </object_component>
      <object_component id="oc-48">
         <name>.int14</name>
         <load_address>0xfffc</load_address>
         <run_address>0xfffc</run_address>
         <size>0x2</size>
         <input_file_ref idref="fl-26"/>
      </object_component>
      <object_component id="oc-13c">
         <name>.reset</name>
         <load_address>0xfffe</load_address>
         <run_address>0xfffe</run_address>
         <size>0x2</size>
         <input_file_ref idref="fl-28"/>
      </object_component>
      <object_component id="oc-160">
         <name>.debug_info</name>
         <load_address>0x0</load_address>
         <run_address>0x0</run_address>
         <size>0x10f</size>
         <input_file_ref idref="fl-27"/>
      </object_component>
      <object_component id="oc-13a">
         <name>.debug_info</name>
         <load_address>0x10f</load_address>
         <run_address>0x10f</run_address>
         <size>0x100</size>
         <input_file_ref idref="fl-28"/>
      </object_component>
      <object_component id="oc-173">
         <name>.debug_info</name>
         <load_address>0x20f</load_address>
         <run_address>0x20f</run_address>
         <size>0x177</size>
         <input_file_ref idref="fl-28"/>
      </object_component>
      <object_component id="oc-1f1">
         <name>.debug_info</name>
         <load_address>0x386</load_address>
         <run_address>0x386</run_address>
         <size>0x122</size>
         <input_file_ref idref="fl-31"/>
      </object_component>
      <object_component id="oc-1cd">
         <name>.debug_info</name>
         <load_address>0x4a8</load_address>
         <run_address>0x4a8</run_address>
         <size>0xe8</size>
         <input_file_ref idref="fl-3a"/>
      </object_component>
      <object_component id="oc-1c7">
         <name>.debug_info</name>
         <load_address>0x590</load_address>
         <run_address>0x590</run_address>
         <size>0x111</size>
         <input_file_ref idref="fl-3a"/>
      </object_component>
      <object_component id="oc-152">
         <name>.debug_info</name>
         <load_address>0x6a1</load_address>
         <run_address>0x6a1</run_address>
         <size>0x84</size>
         <input_file_ref idref="fl-3a"/>
      </object_component>
      <object_component id="oc-2c3">
         <name>.debug_info</name>
         <load_address>0x725</load_address>
         <run_address>0x725</run_address>
         <size>0xaa</size>
      </object_component>
      <object_component id="oc-163">
         <name>.debug_line</name>
         <load_address>0x0</load_address>
         <run_address>0x0</run_address>
         <size>0x3d</size>
         <input_file_ref idref="fl-27"/>
      </object_component>
      <object_component id="oc-1a1">
         <name>.debug_line</name>
         <load_address>0x3d</load_address>
         <run_address>0x3d</run_address>
         <size>0x2a</size>
         <input_file_ref idref="fl-28"/>
      </object_component>
      <object_component id="oc-171">
         <name>.debug_line</name>
         <load_address>0x67</load_address>
         <run_address>0x67</run_address>
         <size>0x43</size>
         <input_file_ref idref="fl-28"/>
      </object_component>
      <object_component id="oc-1f0">
         <name>.debug_line</name>
         <load_address>0xaa</load_address>
         <run_address>0xaa</run_address>
         <size>0x3d</size>
         <input_file_ref idref="fl-31"/>
      </object_component>
      <object_component id="oc-1cc">
         <name>.debug_line</name>
         <load_address>0xe7</load_address>
         <run_address>0xe7</run_address>
         <size>0x5b</size>
         <input_file_ref idref="fl-3a"/>
      </object_component>
      <object_component id="oc-1c5">
         <name>.debug_line</name>
         <load_address>0x142</load_address>
         <run_address>0x142</run_address>
         <size>0x3e</size>
         <input_file_ref idref="fl-3a"/>
      </object_component>
      <object_component id="oc-155">
         <name>.debug_line</name>
         <load_address>0x180</load_address>
         <run_address>0x180</run_address>
         <size>0x20</size>
         <input_file_ref idref="fl-3a"/>
      </object_component>
      <object_component id="oc-1bc">
         <name>.debug_abbrev</name>
         <load_address>0x0</load_address>
         <run_address>0x0</run_address>
         <size>0x28</size>
         <input_file_ref idref="fl-27"/>
      </object_component>
      <object_component id="oc-1a0">
         <name>.debug_abbrev</name>
         <load_address>0x28</load_address>
         <run_address>0x28</run_address>
         <size>0x29</size>
         <input_file_ref idref="fl-28"/>
      </object_component>
      <object_component id="oc-1d1">
         <name>.debug_abbrev</name>
         <load_address>0x51</load_address>
         <run_address>0x51</run_address>
         <size>0x58</size>
         <input_file_ref idref="fl-28"/>
      </object_component>
      <object_component id="oc-22c">
         <name>.debug_abbrev</name>
         <load_address>0xa9</load_address>
         <run_address>0xa9</run_address>
         <size>0x45</size>
         <input_file_ref idref="fl-31"/>
      </object_component>
      <object_component id="oc-1ec">
         <name>.debug_abbrev</name>
         <load_address>0xee</load_address>
         <run_address>0xee</run_address>
         <size>0x40</size>
         <input_file_ref idref="fl-3a"/>
      </object_component>
      <object_component id="oc-1eb">
         <name>.debug_abbrev</name>
         <load_address>0x12e</load_address>
         <run_address>0x12e</run_address>
         <size>0x50</size>
         <input_file_ref idref="fl-3a"/>
      </object_component>
      <object_component id="oc-154">
         <name>.debug_abbrev</name>
         <load_address>0x17e</load_address>
         <run_address>0x17e</run_address>
         <size>0x1f</size>
         <input_file_ref idref="fl-3a"/>
      </object_component>
      <object_component id="oc-2c4">
         <name>.debug_abbrev</name>
         <load_address>0x19d</load_address>
         <run_address>0x19d</run_address>
         <size>0xf</size>
      </object_component>
      <object_component id="oc-162">
         <name>.debug_aranges</name>
         <load_address>0x0</load_address>
         <run_address>0x0</run_address>
         <size>0x20</size>
         <input_file_ref idref="fl-27"/>
      </object_component>
      <object_component id="oc-175">
         <name>.debug_aranges</name>
         <load_address>0x20</load_address>
         <run_address>0x20</run_address>
         <size>0x20</size>
         <input_file_ref idref="fl-28"/>
      </object_component>
      <object_component id="oc-1ee">
         <name>.debug_aranges</name>
         <load_address>0x40</load_address>
         <run_address>0x40</run_address>
         <size>0x20</size>
         <input_file_ref idref="fl-31"/>
      </object_component>
      <object_component id="oc-1ce">
         <name>.debug_aranges</name>
         <load_address>0x60</load_address>
         <run_address>0x60</run_address>
         <size>0x20</size>
         <input_file_ref idref="fl-3a"/>
      </object_component>
      <object_component id="oc-1c8">
         <name>.debug_aranges</name>
         <load_address>0x80</load_address>
         <run_address>0x80</run_address>
         <size>0x20</size>
         <input_file_ref idref="fl-3a"/>
      </object_component>
      <object_component id="oc-161">
         <name>.debug_pubnames</name>
         <load_address>0x0</load_address>
         <run_address>0x0</run_address>
         <size>0x2b</size>
         <input_file_ref idref="fl-27"/>
      </object_component>
      <object_component id="oc-13b">
         <name>.debug_pubnames</name>
         <load_address>0x2b</load_address>
         <run_address>0x2b</run_address>
         <size>0x1d</size>
         <input_file_ref idref="fl-28"/>
      </object_component>
      <object_component id="oc-174">
         <name>.debug_pubnames</name>
         <load_address>0x48</load_address>
         <run_address>0x48</run_address>
         <size>0x2d</size>
         <input_file_ref idref="fl-28"/>
      </object_component>
      <object_component id="oc-1f2">
         <name>.debug_pubnames</name>
         <load_address>0x75</load_address>
         <run_address>0x75</run_address>
         <size>0x1c</size>
         <input_file_ref idref="fl-31"/>
      </object_component>
      <object_component id="oc-1cf">
         <name>.debug_pubnames</name>
         <load_address>0x91</load_address>
         <run_address>0x91</run_address>
         <size>0x1b</size>
         <input_file_ref idref="fl-3a"/>
      </object_component>
      <object_component id="oc-1c9">
         <name>.debug_pubnames</name>
         <load_address>0xac</load_address>
         <run_address>0xac</run_address>
         <size>0x27</size>
         <input_file_ref idref="fl-3a"/>
      </object_component>
      <object_component id="oc-172">
         <name>.debug_frame</name>
         <load_address>0x0</load_address>
         <run_address>0x0</run_address>
         <size>0x34</size>
         <input_file_ref idref="fl-28"/>
      </object_component>
      <object_component id="oc-1ef">
         <name>.debug_frame</name>
         <load_address>0x34</load_address>
         <run_address>0x34</run_address>
         <size>0x3c</size>
         <input_file_ref idref="fl-31"/>
      </object_component>
      <object_component id="oc-1cb">
         <name>.debug_frame</name>
         <load_address>0x70</load_address>
         <run_address>0x70</run_address>
         <size>0x40</size>
         <input_file_ref idref="fl-3a"/>
      </object_component>
      <object_component id="oc-1c6">
         <name>.debug_frame</name>
         <load_address>0xb0</load_address>
         <run_address>0xb0</run_address>
         <size>0x3c</size>
         <input_file_ref idref="fl-3a"/>
      </object_component>
      <object_component id="oc-156">
         <name>.debug_str</name>
         <load_address>0x0</load_address>
         <run_address>0x0</run_address>
         <size>0xfd</size>
         <input_file_ref idref="fl-3a"/>
      </object_component>
      <object_component id="oc-153">
         <name>.debug_pubtypes</name>
         <load_address>0x0</load_address>
         <run_address>0x0</run_address>
         <size>0xed</size>
         <input_file_ref idref="fl-3a"/>
      </object_component>
   </object_component_list>
   <logical_group_list>
      <logical_group id="lg-4" display="no" color="cyan">
         <name>.TI.persistent</name>
         <run_address>0xf840</run_address>
         <size>0x0</size>
         <contents>
         </contents>
      </logical_group>
      <logical_group id="lg-3" display="no" color="cyan">
         <name>READ_WRITE_MEMORY</name>
         <run_address>0xf840</run_address>
         <size>0x0</size>
         <contents>
            <logical_group_ref idref="lg-4"/>
         </contents>
      </logical_group>
      <logical_group id="lg-6" display="no" color="cyan">
         <name>.cinit</name>
         <run_address>0xf840</run_address>
         <size>0x0</size>
         <contents>
         </contents>
      </logical_group>
      <logical_group id="lg-7" display="no" color="cyan">
         <name>.pinit</name>
         <run_address>0xf840</run_address>
         <size>0x0</size>
         <contents>
         </contents>
      </logical_group>
      <logical_group id="lg-8" display="no" color="cyan">
         <name>.binit</name>
         <load_address>0xf840</load_address>
         <run_address>0xf840</run_address>
         <size>0x0</size>
         <contents>
            <object_component_ref idref="oc-286"/>
         </contents>
      </logical_group>
      <logical_group id="lg-9" display="no" color="cyan">
         <name>.init_array</name>
         <run_address>0xf840</run_address>
         <size>0x0</size>
         <contents>
         </contents>
      </logical_group>
      <logical_group id="lg-a" display="no" color="cyan">
         <name>.mspabi.exidx</name>
         <run_address>0xf840</run_address>
         <size>0x0</size>
         <contents>
         </contents>
      </logical_group>
      <logical_group id="lg-b" display="no" color="cyan">
         <name>.mspabi.extab</name>
         <run_address>0xf840</run_address>
         <size>0x0</size>
         <contents>
         </contents>
      </logical_group>
      <logical_group id="lg-c" display="no" color="cyan">
         <name>.const</name>
         <run_address>0xf840</run_address>
         <size>0x0</size>
         <contents>
         </contents>
      </logical_group>
      <logical_group id="lg-5" display="no" color="cyan">
         <name>READ_ONLY_MEMORY</name>
         <load_address>0xf840</load_address>
         <run_address>0xf840</run_address>
         <size>0x0</size>
         <contents>
            <logical_group_ref idref="lg-6"/>
            <logical_group_ref idref="lg-7"/>
            <logical_group_ref idref="lg-8"/>
            <logical_group_ref idref="lg-9"/>
            <logical_group_ref idref="lg-a"/>
            <logical_group_ref idref="lg-b"/>
            <logical_group_ref idref="lg-c"/>
         </contents>
      </logical_group>
      <logical_group id="lg-e" display="no" color="cyan">
         <name>.text</name>
         <load_address>0xf840</load_address>
         <run_address>0xf840</run_address>
         <size>0xae</size>
         <contents>
            <object_component_ref idref="oc-1ca"/>
            <object_component_ref idref="oc-170"/>
            <object_component_ref idref="oc-15f"/>
            <object_component_ref idref="oc-1ed"/>
            <object_component_ref idref="oc-1c4"/>
         </contents>
      </logical_group>
      <logical_group id="lg-d" display="no" color="cyan">
         <name>EXECUTABLE_MEMORY</name>
         <load_address>0xf840</load_address>
         <run_address>0xf840</run_address>
         <size>0xae</size>
         <contents>
            <logical_group_ref idref="lg-e"/>
         </contents>
      </logical_group>
      <logical_group id="lg-2" display="no" color="cyan">
         <name>ALL_FRAM</name>
         <load_address>0xf840</load_address>
         <run_address>0xf840</run_address>
         <size>0xae</size>
         <contents>
            <logical_group_ref idref="lg-3"/>
            <logical_group_ref idref="lg-5"/>
            <logical_group_ref idref="lg-d"/>
         </contents>
      </logical_group>
      <logical_group id="lg-f" display="no" color="cyan">
         <name>.TI.ramfunc</name>
         <run_address>0x0</run_address>
         <size>0x0</size>
         <contents>
         </contents>
      </logical_group>
      <logical_group id="lg-10" display="no" color="cyan">
         <name>.jtagsignature</name>
         <run_address>0x0</run_address>
         <size>0x0</size>
         <contents>
         </contents>
      </logical_group>
      <logical_group id="lg-11" display="no" color="cyan">
         <name>.bslsignature</name>
         <run_address>0x0</run_address>
         <size>0x0</size>
         <contents>
         </contents>
      </logical_group>
      <logical_group id="lg-12" display="no" color="cyan">
         <name>.bss</name>
         <run_address>0x0</run_address>
         <size>0x0</size>
         <contents>
         </contents>
      </logical_group>
      <logical_group id="lg-13" display="no" color="cyan">
         <name>.data</name>
         <run_address>0x0</run_address>
         <size>0x0</size>
         <contents>
         </contents>
      </logical_group>
      <logical_group id="lg-14" display="no" color="cyan">
         <name>.TI.noinit</name>
         <run_address>0x0</run_address>
         <size>0x0</size>
         <contents>
         </contents>
      </logical_group>
      <logical_group id="lg-15" display="no" color="cyan">
         <name>.cio</name>
         <run_address>0x0</run_address>
         <size>0x0</size>
         <contents>
         </contents>
      </logical_group>
      <logical_group id="lg-16" display="no" color="cyan">
         <name>.sysmem</name>
         <run_address>0x0</run_address>
         <size>0x0</size>
         <contents>
         </contents>
      </logical_group>
      <logical_group id="lg-17" display="no" color="cyan">
         <name>.stack</name>
         <run_address>0x2bb0</run_address>
         <size>0x50</size>
         <contents>
            <object_component_ref idref="oc-139"/>
            <object_component_ref idref="oc-2c2"/>
         </contents>
      </logical_group>
      <logical_group id="lg-18" display="no" color="cyan">
         <name>.int00</name>
         <run_address>0x0</run_address>
         <size>0x0</size>
         <contents>
         </contents>
      </logical_group>
      <logical_group id="lg-19" display="no" color="cyan">
         <name>.int01</name>
         <run_address>0x0</run_address>
         <size>0x0</size>
         <contents>
         </contents>
      </logical_group>
      <logical_group id="lg-1a" display="no" color="cyan">
         <name>.int02</name>
         <run_address>0x0</run_address>
         <size>0x0</size>
         <contents>
         </contents>
      </logical_group>
      <logical_group id="lg-1b" display="no" color="cyan">
         <name>.int03</name>
         <run_address>0x0</run_address>
         <size>0x0</size>
         <contents>
         </contents>
      </logical_group>
      <logical_group id="lg-1c" display="no" color="cyan">
         <name>.int04</name>
         <run_address>0x0</run_address>
         <size>0x0</size>
         <contents>
         </contents>
      </logical_group>
      <logical_group id="lg-1d" display="no" color="cyan">
         <name>RFPMM</name>
         <load_address>0xffea</load_address>
         <run_address>0xffea</run_address>
         <size>0x2</size>
         <contents>
            <object_component_ref idref="oc-3f"/>
         </contents>
      </logical_group>
      <logical_group id="lg-1f" display="no" color="cyan">
         <name>PORT1</name>
         <load_address>0xffec</load_address>
         <run_address>0xffec</run_address>
         <size>0x2</size>
         <contents>
            <object_component_ref idref="oc-40"/>
         </contents>
      </logical_group>
      <logical_group id="lg-21" display="no" color="cyan">
         <name>SD_ADC</name>
         <load_address>0xffee</load_address>
         <run_address>0xffee</run_address>
         <size>0x2</size>
         <contents>
            <object_component_ref idref="oc-41"/>
         </contents>
      </logical_group>
      <logical_group id="lg-23" display="no" color="cyan">
         <name>USCI_B0</name>
         <load_address>0xfff0</load_address>
         <run_address>0xfff0</run_address>
         <size>0x2</size>
         <contents>
            <object_component_ref idref="oc-42"/>
         </contents>
      </logical_group>
      <logical_group id="lg-25" display="no" color="cyan">
         <name>ISO</name>
         <load_address>0xfff2</load_address>
         <run_address>0xfff2</run_address>
         <size>0x2</size>
         <contents>
            <object_component_ref idref="oc-43"/>
         </contents>
      </logical_group>
      <logical_group id="lg-27" display="no" color="cyan">
         <name>WDT</name>
         <load_address>0xfff4</load_address>
         <run_address>0xfff4</run_address>
         <size>0x2</size>
         <contents>
            <object_component_ref idref="oc-44"/>
         </contents>
      </logical_group>
      <logical_group id="lg-29" display="no" color="cyan">
         <name>TIMER0_A1</name>
         <load_address>0xfff6</load_address>
         <run_address>0xfff6</run_address>
         <size>0x2</size>
         <contents>
            <object_component_ref idref="oc-45"/>
         </contents>
      </logical_group>
      <logical_group id="lg-2b" display="no" color="cyan">
         <name>TIMER0_A0</name>
         <load_address>0xfff8</load_address>
         <run_address>0xfff8</run_address>
         <size>0x2</size>
         <contents>
            <object_component_ref idref="oc-46"/>
         </contents>
      </logical_group>
      <logical_group id="lg-2d" display="no" color="cyan">
         <name>UNMI</name>
         <load_address>0xfffa</load_address>
         <run_address>0xfffa</run_address>
         <size>0x2</size>
         <contents>
            <object_component_ref idref="oc-47"/>
         </contents>
      </logical_group>
      <logical_group id="lg-2f" display="no" color="cyan">
         <name>SYSNMI</name>
         <load_address>0xfffc</load_address>
         <run_address>0xfffc</run_address>
         <size>0x2</size>
         <contents>
            <object_component_ref idref="oc-48"/>
         </contents>
      </logical_group>
      <logical_group id="lg-31" display="no" color="cyan">
         <name>.reset</name>
         <load_address>0xfffe</load_address>
         <run_address>0xfffe</run_address>
         <size>0x2</size>
         <contents>
            <object_component_ref idref="oc-13c"/>
         </contents>
      </logical_group>
      <logical_group id="lg-2a9" display="never" color="cyan">
         <name>.debug_info</name>
         <load_address>0x0</load_address>
         <run_address>0x0</run_address>
         <size>0x7cf</size>
         <contents>
            <object_component_ref idref="oc-160"/>
            <object_component_ref idref="oc-13a"/>
            <object_component_ref idref="oc-173"/>
            <object_component_ref idref="oc-1f1"/>
            <object_component_ref idref="oc-1cd"/>
            <object_component_ref idref="oc-1c7"/>
            <object_component_ref idref="oc-152"/>
            <object_component_ref idref="oc-2c3"/>
         </contents>
      </logical_group>
      <logical_group id="lg-2ab" display="never" color="cyan">
         <name>.debug_line</name>
         <load_address>0x0</load_address>
         <run_address>0x0</run_address>
         <size>0x1a0</size>
         <contents>
            <object_component_ref idref="oc-163"/>
            <object_component_ref idref="oc-1a1"/>
            <object_component_ref idref="oc-171"/>
            <object_component_ref idref="oc-1f0"/>
            <object_component_ref idref="oc-1cc"/>
            <object_component_ref idref="oc-1c5"/>
            <object_component_ref idref="oc-155"/>
         </contents>
      </logical_group>
      <logical_group id="lg-2ad" display="never" color="cyan">
         <name>.debug_abbrev</name>
         <load_address>0x0</load_address>
         <run_address>0x0</run_address>
         <size>0x1ac</size>
         <contents>
            <object_component_ref idref="oc-1bc"/>
            <object_component_ref idref="oc-1a0"/>
            <object_component_ref idref="oc-1d1"/>
            <object_component_ref idref="oc-22c"/>
            <object_component_ref idref="oc-1ec"/>
            <object_component_ref idref="oc-1eb"/>
            <object_component_ref idref="oc-154"/>
            <object_component_ref idref="oc-2c4"/>
         </contents>
      </logical_group>
      <logical_group id="lg-2af" display="never" color="cyan">
         <name>.debug_aranges</name>
         <load_address>0x0</load_address>
         <run_address>0x0</run_address>
         <size>0xa0</size>
         <contents>
            <object_component_ref idref="oc-162"/>
            <object_component_ref idref="oc-175"/>
            <object_component_ref idref="oc-1ee"/>
            <object_component_ref idref="oc-1ce"/>
            <object_component_ref idref="oc-1c8"/>
         </contents>
      </logical_group>
      <logical_group id="lg-2b1" display="never" color="cyan">
         <name>.debug_pubnames</name>
         <load_address>0x0</load_address>
         <run_address>0x0</run_address>
         <size>0xd3</size>
         <contents>
            <object_component_ref idref="oc-161"/>
            <object_component_ref idref="oc-13b"/>
            <object_component_ref idref="oc-174"/>
            <object_component_ref idref="oc-1f2"/>
            <object_component_ref idref="oc-1cf"/>
            <object_component_ref idref="oc-1c9"/>
         </contents>
      </logical_group>
      <logical_group id="lg-2b3" display="never" color="cyan">
         <name>.debug_frame</name>
         <load_address>0x0</load_address>
         <run_address>0x0</run_address>
         <size>0xec</size>
         <contents>
            <object_component_ref idref="oc-172"/>
            <object_component_ref idref="oc-1ef"/>
            <object_component_ref idref="oc-1cb"/>
            <object_component_ref idref="oc-1c6"/>
         </contents>
      </logical_group>
      <logical_group id="lg-2b7" display="never" color="cyan">
         <name>.debug_str</name>
         <load_address>0x0</load_address>
         <run_address>0x0</run_address>
         <size>0xfd</size>
         <contents>
            <object_component_ref idref="oc-156"/>
         </contents>
      </logical_group>
      <logical_group id="lg-2b9" display="never" color="cyan">
         <name>.debug_pubtypes</name>
         <load_address>0x0</load_address>
         <run_address>0x0</run_address>
         <size>0xed</size>
         <contents>
            <object_component_ref idref="oc-153"/>
         </contents>
      </logical_group>
      <logical_group id="lg-2c5" display="no" color="cyan">
         <name>$fill000</name>
         <load_address>0xffd0</load_address>
         <run_address>0xffd0</run_address>
         <size>0x4</size>
         <contents>
         </contents>
      </logical_group>
      <logical_group id="lg-2c7" display="no" color="cyan">
         <name>$fill001</name>
         <load_address>0xffd4</load_address>
         <run_address>0xffd4</run_address>
         <size>0x4</size>
         <contents>
         </contents>
      </logical_group>
      <load_segment id="lg-2c9" display="no" color="cyan">
         <name>SEGMENT_0</name>
         <run_address>0x2bb0</run_address>
         <size>0x50</size>
         <flags>0x6</flags>
         <contents>
            <logical_group_ref idref="lg-17"/>
         </contents>
      </load_segment>
      <load_segment id="lg-2ca" display="no" color="cyan">
         <name>SEGMENT_1</name>
         <load_address>0xf840</load_address>
         <run_address>0xf840</run_address>
         <size>0xae</size>
         <flags>0x5</flags>
         <contents>
            <logical_group_ref idref="lg-e"/>
         </contents>
      </load_segment>
      <load_segment id="lg-2cb" display="no" color="cyan">
         <name>SEGMENT_2</name>
         <load_address>0xffd0</load_address>
         <run_address>0xffd0</run_address>
         <size>0x8</size>
         <flags>0x4</flags>
         <contents>
            <logical_group_ref idref="lg-2c5"/>
            <logical_group_ref idref="lg-2c7"/>
         </contents>
      </load_segment>
      <load_segment id="lg-2cc" display="no" color="cyan">
         <name>SEGMENT_3</name>
         <load_address>0xffea</load_address>
         <run_address>0xffea</run_address>
         <size>0x16</size>
         <flags>0x4</flags>
         <contents>
            <logical_group_ref idref="lg-1d"/>
            <logical_group_ref idref="lg-1f"/>
            <logical_group_ref idref="lg-21"/>
            <logical_group_ref idref="lg-23"/>
            <logical_group_ref idref="lg-25"/>
            <logical_group_ref idref="lg-27"/>
            <logical_group_ref idref="lg-29"/>
            <logical_group_ref idref="lg-2b"/>
            <logical_group_ref idref="lg-2d"/>
            <logical_group_ref idref="lg-2f"/>
            <logical_group_ref idref="lg-31"/>
         </contents>
      </load_segment>
   </logical_group_list>
   <placement_map>
      <memory_area display="no" color="green">
         <name>SFR</name>
         <page_id>0x0</page_id>
         <origin>0x0</origin>
         <length>0x10</length>
         <used_space>0x0</used_space>
         <unused_space>0x10</unused_space>
         <attributes>RWIX</attributes>
         <usage_details>
         </usage_details>
      </memory_area>
      <memory_area display="yes" color="green">
         <name>PERIPHERALS_8BIT</name>
         <page_id>0x0</page_id>
         <origin>0x10</origin>
         <length>0xf0</length>
         <used_space>0x0</used_space>
         <unused_space>0xf0</unused_space>
         <attributes>RWIX</attributes>
         <usage_details>
         </usage_details>
      </memory_area>
      <memory_area display="yes" color="green">
         <name>PERIPHERALS_16BIT</name>
         <page_id>0x0</page_id>
         <origin>0x100</origin>
         <length>0x100</length>
         <used_space>0x0</used_space>
         <unused_space>0x100</unused_space>
         <attributes>RWIX</attributes>
         <usage_details>
         </usage_details>
      </memory_area>
      <memory_area display="yes" color="green">
         <name>RAM</name>
         <page_id>0x0</page_id>
         <origin>0x1c00</origin>
         <length>0x1000</length>
         <used_space>0x50</used_space>
         <unused_space>0xfb0</unused_space>
         <attributes>RWIX</attributes>
         <usage_details>
            <available_space>
               <start_address>0x1c00</start_address>
               <size>0xfb0</size>
            </available_space>
            <allocated_space>
               <start_address>0x2bb0</start_address>
               <size>0x50</size>
               <logical_group_ref idref="lg-17"/>
            </allocated_space>
         </usage_details>
      </memory_area>
      <memory_area display="yes" color="green">
         <name>FRAM</name>
         <page_id>0x0</page_id>
         <origin>0xf840</origin>
         <length>0x790</length>
         <used_space>0xae</used_space>
         <unused_space>0x6e2</unused_space>
         <attributes>RWIX</attributes>
         <usage_details>
            <allocated_space>
               <start_address>0xf840</start_address>
               <size>0xae</size>
               <logical_group_ref idref="lg-2"/>
            </allocated_space>
            <available_space>
               <start_address>0xf8ee</start_address>
               <size>0x6e2</size>
            </available_space>
         </usage_details>
      </memory_area>
      <memory_area display="no" color="green">
         <name>JTAGSIGNATURE</name>
         <page_id>0x0</page_id>
         <origin>0xffd0</origin>
         <length>0x4</length>
         <used_space>0x4</used_space>
         <unused_space>0x0</unused_space>
         <attributes>RWIX</attributes>
         <fill_value>0xffff</fill_value>
         <fill_width>0x10</fill_width>
         <virtual_fill>0x0</virtual_fill>
         <usage_details>
            <allocated_space>
               <start_address>0xffd0</start_address>
               <size>0x4</size>
               <logical_group_ref idref="lg-2c5"/>
            </allocated_space>
         </usage_details>
      </memory_area>
      <memory_area display="no" color="green">
         <name>BSLSIGNATURE</name>
         <page_id>0x0</page_id>
         <origin>0xffd4</origin>
         <length>0x4</length>
         <used_space>0x4</used_space>
         <unused_space>0x0</unused_space>
         <attributes>RWIX</attributes>
         <fill_value>0xffff</fill_value>
         <fill_width>0x10</fill_width>
         <virtual_fill>0x0</virtual_fill>
         <usage_details>
            <allocated_space>
               <start_address>0xffd4</start_address>
               <size>0x4</size>
               <logical_group_ref idref="lg-2c7"/>
            </allocated_space>
         </usage_details>
      </memory_area>
      <memory_area display="no" color="green">
         <name>INT00</name>
         <page_id>0x0</page_id>
         <origin>0xffe0</origin>
         <length>0x2</length>
         <used_space>0x0</used_space>
         <unused_space>0x2</unused_space>
         <attributes>RWIX</attributes>
         <usage_details>
         </usage_details>
      </memory_area>
      <memory_area display="no" color="green">
         <name>INT01</name>
         <page_id>0x0</page_id>
         <origin>0xffe2</origin>
         <length>0x2</length>
         <used_space>0x0</used_space>
         <unused_space>0x2</unused_space>
         <attributes>RWIX</attributes>
         <usage_details>
         </usage_details>
      </memory_area>
      <memory_area display="no" color="green">
         <name>INT02</name>
         <page_id>0x0</page_id>
         <origin>0xffe4</origin>
         <length>0x2</length>
         <used_space>0x0</used_space>
         <unused_space>0x2</unused_space>
         <attributes>RWIX</attributes>
         <usage_details>
         </usage_details>
      </memory_area>
      <memory_area display="no" color="green">
         <name>INT03</name>
         <page_id>0x0</page_id>
         <origin>0xffe6</origin>
         <length>0x2</length>
         <used_space>0x0</used_space>
         <unused_space>0x2</unused_space>
         <attributes>RWIX</attributes>
         <usage_details>
         </usage_details>
      </memory_area>
      <memory_area display="no" color="green">
         <name>INT04</name>
         <page_id>0x0</page_id>
         <origin>0xffe8</origin>
         <length>0x2</length>
         <used_space>0x0</used_space>
         <unused_space>0x2</unused_space>
         <attributes>RWIX</attributes>
         <usage_details>
         </usage_details>
      </memory_area>
      <memory_area display="no" color="green">
         <name>INT05</name>
         <page_id>0x0</page_id>
         <origin>0xffea</origin>
         <length>0x2</length>
         <used_space>0x2</used_space>
         <unused_space>0x0</unused_space>
         <attributes>RWIX</attributes>
         <usage_details>
            <allocated_space>
               <start_address>0xffea</start_address>
               <size>0x2</size>
               <logical_group_ref idref="lg-1d"/>
            </allocated_space>
         </usage_details>
      </memory_area>
      <memory_area display="no" color="green">
         <name>INT06</name>
         <page_id>0x0</page_id>
         <origin>0xffec</origin>
         <length>0x2</length>
         <used_space>0x2</used_space>
         <unused_space>0x0</unused_space>
         <attributes>RWIX</attributes>
         <usage_details>
            <allocated_space>
               <start_address>0xffec</start_address>
               <size>0x2</size>
               <logical_group_ref idref="lg-1f"/>
            </allocated_space>
         </usage_details>
      </memory_area>
      <memory_area display="no" color="green">
         <name>INT07</name>
         <page_id>0x0</page_id>
         <origin>0xffee</origin>
         <length>0x2</length>
         <used_space>0x2</used_space>
         <unused_space>0x0</unused_space>
         <attributes>RWIX</attributes>
         <usage_details>
            <allocated_space>
               <start_address>0xffee</start_address>
               <size>0x2</size>
               <logical_group_ref idref="lg-21"/>
            </allocated_space>
         </usage_details>
      </memory_area>
      <memory_area display="no" color="green">
         <name>INT08</name>
         <page_id>0x0</page_id>
         <origin>0xfff0</origin>
         <length>0x2</length>
         <used_space>0x2</used_space>
         <unused_space>0x0</unused_space>
         <attributes>RWIX</attributes>
         <usage_details>
            <allocated_space>
               <start_address>0xfff0</start_address>
               <size>0x2</size>
               <logical_group_ref idref="lg-23"/>
            </allocated_space>
         </usage_details>
      </memory_area>
      <memory_area display="no" color="green">
         <name>INT09</name>
         <page_id>0x0</page_id>
         <origin>0xfff2</origin>
         <length>0x2</length>
         <used_space>0x2</used_space>
         <unused_space>0x0</unused_space>
         <attributes>RWIX</attributes>
         <usage_details>
            <allocated_space>
               <start_address>0xfff2</start_address>
               <size>0x2</size>
               <logical_group_ref idref="lg-25"/>
            </allocated_space>
         </usage_details>
      </memory_area>
      <memory_area display="no" color="green">
         <name>INT10</name>
         <page_id>0x0</page_id>
         <origin>0xfff4</origin>
         <length>0x2</length>
         <used_space>0x2</used_space>
         <unused_space>0x0</unused_space>
         <attributes>RWIX</attributes>
         <usage_details>
            <allocated_space>
               <start_address>0xfff4</start_address>
               <size>0x2</size>
               <logical_group_ref idref="lg-27"/>
            </allocated_space>
         </usage_details>
      </memory_area>
      <memory_area display="no" color="green">
         <name>INT11</name>
         <page_id>0x0</page_id>
         <origin>0xfff6</origin>
         <length>0x2</length>
         <used_space>0x2</used_space>
         <unused_space>0x0</unused_space>
         <attributes>RWIX</attributes>
         <usage_details>
            <allocated_space>
               <start_address>0xfff6</start_address>
               <size>0x2</size>
               <logical_group_ref idref="lg-29"/>
            </allocated_space>
         </usage_details>
      </memory_area>
      <memory_area display="no" color="green">
         <name>INT12</name>
         <page_id>0x0</page_id>
         <origin>0xfff8</origin>
         <length>0x2</length>
         <used_space>0x2</used_space>
         <unused_space>0x0</unused_space>
         <attributes>RWIX</attributes>
         <usage_details>
            <allocated_space>
               <start_address>0xfff8</start_address>
               <size>0x2</size>
               <logical_group_ref idref="lg-2b"/>
            </allocated_space>
         </usage_details>
      </memory_area>
      <memory_area display="no" color="green">
         <name>INT13</name>
         <page_id>0x0</page_id>
         <origin>0xfffa</origin>
         <length>0x2</length>
         <used_space>0x2</used_space>
         <unused_space>0x0</unused_space>
         <attributes>RWIX</attributes>
         <usage_details>
            <allocated_space>
               <start_address>0xfffa</start_address>
               <size>0x2</size>
               <logical_group_ref idref="lg-2d"/>
            </allocated_space>
         </usage_details>
      </memory_area>
      <memory_area display="no" color="green">
         <name>INT14</name>
         <page_id>0x0</page_id>
         <origin>0xfffc</origin>
         <length>0x2</length>
         <used_space>0x2</used_space>
         <unused_space>0x0</unused_space>
         <attributes>RWIX</attributes>
         <usage_details>
            <allocated_space>
               <start_address>0xfffc</start_address>
               <size>0x2</size>
               <logical_group_ref idref="lg-2f"/>
            </allocated_space>
         </usage_details>
      </memory_area>
      <memory_area display="no" color="green">
         <name>RESET</name>
         <page_id>0x0</page_id>
         <origin>0xfffe</origin>
         <length>0x2</length>
         <used_space>0x2</used_space>
         <unused_space>0x0</unused_space>
         <attributes>RWIX</attributes>
         <usage_details>
            <allocated_space>
               <start_address>0xfffe</start_address>
               <size>0x2</size>
               <logical_group_ref idref="lg-31"/>
            </allocated_space>
         </usage_details>
      </memory_area>
   </placement_map>
   <symbol_table>
      <symbol id="sm-1">
         <name>CCSCTL0</name>
         <value>0x160</value>
      </symbol>
      <symbol id="sm-2">
         <name>CCSCTL0_L</name>
         <value>0x160</value>
      </symbol>
      <symbol id="sm-3">
         <name>CCSCTL0_H</name>
         <value>0x161</value>
      </symbol>
      <symbol id="sm-4">
         <name>CCSCTL1</name>
         <value>0x162</value>
      </symbol>
      <symbol id="sm-5">
         <name>CCSCTL1_L</name>
         <value>0x162</value>
      </symbol>
      <symbol id="sm-6">
         <name>CCSCTL1_H</name>
         <value>0x163</value>
      </symbol>
      <symbol id="sm-7">
         <name>CCSCTL2</name>
         <value>0x164</value>
      </symbol>
      <symbol id="sm-8">
         <name>CCSCTL2_L</name>
         <value>0x164</value>
      </symbol>
      <symbol id="sm-9">
         <name>CCSCTL2_H</name>
         <value>0x165</value>
      </symbol>
      <symbol id="sm-a">
         <name>CCSCTL4</name>
         <value>0x168</value>
      </symbol>
      <symbol id="sm-b">
         <name>CCSCTL4_L</name>
         <value>0x168</value>
      </symbol>
      <symbol id="sm-c">
         <name>CCSCTL4_H</name>
         <value>0x169</value>
      </symbol>
      <symbol id="sm-d">
         <name>CCSCTL5</name>
         <value>0x16a</value>
      </symbol>
      <symbol id="sm-e">
         <name>CCSCTL5_L</name>
         <value>0x16a</value>
      </symbol>
      <symbol id="sm-f">
         <name>CCSCTL5_H</name>
         <value>0x16b</value>
      </symbol>
      <symbol id="sm-10">
         <name>CCSCTL6</name>
         <value>0x16c</value>
      </symbol>
      <symbol id="sm-11">
         <name>CCSCTL6_L</name>
         <value>0x16c</value>
      </symbol>
      <symbol id="sm-12">
         <name>CCSCTL6_H</name>
         <value>0x16d</value>
      </symbol>
      <symbol id="sm-13">
         <name>CCSCTL7</name>
         <value>0x16e</value>
      </symbol>
      <symbol id="sm-14">
         <name>CCSCTL7_L</name>
         <value>0x16e</value>
      </symbol>
      <symbol id="sm-15">
         <name>CCSCTL7_H</name>
         <value>0x16f</value>
      </symbol>
      <symbol id="sm-16">
         <name>CCSCTL8</name>
         <value>0x170</value>
      </symbol>
      <symbol id="sm-17">
         <name>CCSCTL8_L</name>
         <value>0x170</value>
      </symbol>
      <symbol id="sm-18">
         <name>CCSCTL8_H</name>
         <value>0x171</value>
      </symbol>
      <symbol id="sm-19">
         <name>CRCDI</name>
         <value>0x150</value>
      </symbol>
      <symbol id="sm-1a">
         <name>CRCDI_L</name>
         <value>0x150</value>
      </symbol>
      <symbol id="sm-1b">
         <name>CRCDI_H</name>
         <value>0x151</value>
      </symbol>
      <symbol id="sm-1c">
         <name>CRCDIRB</name>
         <value>0x152</value>
      </symbol>
      <symbol id="sm-1d">
         <name>CRCDIRB_L</name>
         <value>0x152</value>
      </symbol>
      <symbol id="sm-1e">
         <name>CRCDIRB_H</name>
         <value>0x153</value>
      </symbol>
      <symbol id="sm-1f">
         <name>CRCINIRES</name>
         <value>0x154</value>
      </symbol>
      <symbol id="sm-20">
         <name>CRCINIRES_L</name>
         <value>0x154</value>
      </symbol>
      <symbol id="sm-21">
         <name>CRCINIRES_H</name>
         <value>0x155</value>
      </symbol>
      <symbol id="sm-22">
         <name>CRCRESR</name>
         <value>0x156</value>
      </symbol>
      <symbol id="sm-23">
         <name>CRCRESR_L</name>
         <value>0x156</value>
      </symbol>
      <symbol id="sm-24">
         <name>CRCRESR_H</name>
         <value>0x157</value>
      </symbol>
      <symbol id="sm-25">
         <name>PAIN</name>
         <value>0x200</value>
      </symbol>
      <symbol id="sm-26">
         <name>PAIN_L</name>
         <value>0x200</value>
      </symbol>
      <symbol id="sm-27">
         <name>PAIN_H</name>
         <value>0x201</value>
      </symbol>
      <symbol id="sm-28">
         <name>PAOUT</name>
         <value>0x202</value>
      </symbol>
      <symbol id="sm-29">
         <name>PAOUT_L</name>
         <value>0x202</value>
      </symbol>
      <symbol id="sm-2a">
         <name>PAOUT_H</name>
         <value>0x203</value>
      </symbol>
      <symbol id="sm-2b">
         <name>PADIR</name>
         <value>0x204</value>
      </symbol>
      <symbol id="sm-2c">
         <name>PADIR_L</name>
         <value>0x204</value>
      </symbol>
      <symbol id="sm-2d">
         <name>PADIR_H</name>
         <value>0x205</value>
      </symbol>
      <symbol id="sm-2e">
         <name>PAREN</name>
         <value>0x206</value>
      </symbol>
      <symbol id="sm-2f">
         <name>PAREN_L</name>
         <value>0x206</value>
      </symbol>
      <symbol id="sm-30">
         <name>PAREN_H</name>
         <value>0x207</value>
      </symbol>
      <symbol id="sm-31">
         <name>PADS</name>
         <value>0x208</value>
      </symbol>
      <symbol id="sm-32">
         <name>PADS_L</name>
         <value>0x208</value>
      </symbol>
      <symbol id="sm-33">
         <name>PADS_H</name>
         <value>0x209</value>
      </symbol>
      <symbol id="sm-34">
         <name>PASEL0</name>
         <value>0x20a</value>
      </symbol>
      <symbol id="sm-35">
         <name>PASEL0_L</name>
         <value>0x20a</value>
      </symbol>
      <symbol id="sm-36">
         <name>PASEL0_H</name>
         <value>0x20b</value>
      </symbol>
      <symbol id="sm-37">
         <name>PASEL1</name>
         <value>0x20c</value>
      </symbol>
      <symbol id="sm-38">
         <name>PASEL1_L</name>
         <value>0x20c</value>
      </symbol>
      <symbol id="sm-39">
         <name>PASEL1_H</name>
         <value>0x20d</value>
      </symbol>
      <symbol id="sm-3a">
         <name>PAIES</name>
         <value>0x218</value>
      </symbol>
      <symbol id="sm-3b">
         <name>PAIES_L</name>
         <value>0x218</value>
      </symbol>
      <symbol id="sm-3c">
         <name>PAIES_H</name>
         <value>0x219</value>
      </symbol>
      <symbol id="sm-3d">
         <name>PAIE</name>
         <value>0x21a</value>
      </symbol>
      <symbol id="sm-3e">
         <name>PAIE_L</name>
         <value>0x21a</value>
      </symbol>
      <symbol id="sm-3f">
         <name>PAIE_H</name>
         <value>0x21b</value>
      </symbol>
      <symbol id="sm-40">
         <name>PAIFG</name>
         <value>0x21c</value>
      </symbol>
      <symbol id="sm-41">
         <name>PAIFG_L</name>
         <value>0x21c</value>
      </symbol>
      <symbol id="sm-42">
         <name>PAIFG_H</name>
         <value>0x21d</value>
      </symbol>
      <symbol id="sm-43">
         <name>P1IV</name>
         <value>0x20e</value>
      </symbol>
      <symbol id="sm-44">
         <name>P2IV</name>
         <value>0x21e</value>
      </symbol>
      <symbol id="sm-45">
         <name>RF13MCTL</name>
         <value>0x800</value>
      </symbol>
      <symbol id="sm-46">
         <name>RF13MCTL_L</name>
         <value>0x800</value>
      </symbol>
      <symbol id="sm-47">
         <name>RF13MCTL_H</name>
         <value>0x801</value>
      </symbol>
      <symbol id="sm-48">
         <name>RF13MINT</name>
         <value>0x802</value>
      </symbol>
      <symbol id="sm-49">
         <name>RF13MINT_L</name>
         <value>0x802</value>
      </symbol>
      <symbol id="sm-4a">
         <name>RF13MINT_H</name>
         <value>0x803</value>
      </symbol>
      <symbol id="sm-4b">
         <name>RF13MIV</name>
         <value>0x804</value>
      </symbol>
      <symbol id="sm-4c">
         <name>RF13MIV_L</name>
         <value>0x804</value>
      </symbol>
      <symbol id="sm-4d">
         <name>RF13MIV_H</name>
         <value>0x805</value>
      </symbol>
      <symbol id="sm-4e">
         <name>RF13MRXF</name>
         <value>0x806</value>
      </symbol>
      <symbol id="sm-4f">
         <name>RF13MRXF_L</name>
         <value>0x806</value>
      </symbol>
      <symbol id="sm-50">
         <name>RF13MRXF_H</name>
         <value>0x807</value>
      </symbol>
      <symbol id="sm-51">
         <name>RF13MTXF</name>
         <value>0x808</value>
      </symbol>
      <symbol id="sm-52">
         <name>RF13MTXF_L</name>
         <value>0x808</value>
      </symbol>
      <symbol id="sm-53">
         <name>RF13MTXF_H</name>
         <value>0x809</value>
      </symbol>
      <symbol id="sm-54">
         <name>RF13MCRC</name>
         <value>0x80a</value>
      </symbol>
      <symbol id="sm-55">
         <name>RF13MCRC_L</name>
         <value>0x80a</value>
      </symbol>
      <symbol id="sm-56">
         <name>RF13MCRC_H</name>
         <value>0x80b</value>
      </symbol>
      <symbol id="sm-57">
         <name>RF13MFIFOFL</name>
         <value>0x80c</value>
      </symbol>
      <symbol id="sm-58">
         <name>RF13MFIFOFL_L</name>
         <value>0x80c</value>
      </symbol>
      <symbol id="sm-59">
         <name>RF13MFIFOFL_H</name>
         <value>0x80d</value>
      </symbol>
      <symbol id="sm-5a">
         <name>RF13MWMCFG</name>
         <value>0x80e</value>
      </symbol>
      <symbol id="sm-5b">
         <name>RF13MWMCFG_L</name>
         <value>0x80e</value>
      </symbol>
      <symbol id="sm-5c">
         <name>RF13MWMCFG_H</name>
         <value>0x80f</value>
      </symbol>
      <symbol id="sm-5d">
         <name>RF13MRXBUF</name>
         <value>0x820</value>
      </symbol>
      <symbol id="sm-5e">
         <name>RF13MRXBUF_L</name>
         <value>0x820</value>
      </symbol>
      <symbol id="sm-5f">
         <name>RF13MRXBUF_H</name>
         <value>0x821</value>
      </symbol>
      <symbol id="sm-60">
         <name>RF13MTXBUF</name>
         <value>0x840</value>
      </symbol>
      <symbol id="sm-61">
         <name>RF13MTXBUF_L</name>
         <value>0x840</value>
      </symbol>
      <symbol id="sm-62">
         <name>RF13MTXBUF_H</name>
         <value>0x841</value>
      </symbol>
      <symbol id="sm-63">
         <name>SD14CTL0</name>
         <value>0x700</value>
      </symbol>
      <symbol id="sm-64">
         <name>SD14CTL0_L</name>
         <value>0x700</value>
      </symbol>
      <symbol id="sm-65">
         <name>SD14CTL0_H</name>
         <value>0x701</value>
      </symbol>
      <symbol id="sm-66">
         <name>SD14CTL1</name>
         <value>0x702</value>
      </symbol>
      <symbol id="sm-67">
         <name>SD14CTL1_L</name>
         <value>0x702</value>
      </symbol>
      <symbol id="sm-68">
         <name>SD14CTL1_H</name>
         <value>0x703</value>
      </symbol>
      <symbol id="sm-69">
         <name>SD14MEM0</name>
         <value>0x704</value>
      </symbol>
      <symbol id="sm-6a">
         <name>SD14MEM0_L</name>
         <value>0x704</value>
      </symbol>
      <symbol id="sm-6b">
         <name>SD14MEM0_H</name>
         <value>0x705</value>
      </symbol>
      <symbol id="sm-6c">
         <name>SD14MEM1</name>
         <value>0x706</value>
      </symbol>
      <symbol id="sm-6d">
         <name>SD14MEM1_L</name>
         <value>0x706</value>
      </symbol>
      <symbol id="sm-6e">
         <name>SD14MEM1_H</name>
         <value>0x707</value>
      </symbol>
      <symbol id="sm-6f">
         <name>SD14MEM2</name>
         <value>0x708</value>
      </symbol>
      <symbol id="sm-70">
         <name>SD14MEM2_L</name>
         <value>0x708</value>
      </symbol>
      <symbol id="sm-71">
         <name>SD14MEM2_H</name>
         <value>0x709</value>
      </symbol>
      <symbol id="sm-72">
         <name>SD14MEM3</name>
         <value>0x70a</value>
      </symbol>
      <symbol id="sm-73">
         <name>SD14MEM3_L</name>
         <value>0x70a</value>
      </symbol>
      <symbol id="sm-74">
         <name>SD14MEM3_H</name>
         <value>0x70b</value>
      </symbol>
      <symbol id="sm-75">
         <name>SD14IV</name>
         <value>0x70c</value>
      </symbol>
      <symbol id="sm-76">
         <name>SD14IV_L</name>
         <value>0x70c</value>
      </symbol>
      <symbol id="sm-77">
         <name>SD14IV_H</name>
         <value>0x70d</value>
      </symbol>
      <symbol id="sm-78">
         <name>UCB0CTLW0</name>
         <value>0x640</value>
      </symbol>
      <symbol id="sm-79">
         <name>UCB0CTLW0_L</name>
         <value>0x640</value>
      </symbol>
      <symbol id="sm-7a">
         <name>UCB0CTLW0_H</name>
         <value>0x641</value>
      </symbol>
      <symbol id="sm-7b">
         <name>UCB0CTLW1</name>
         <value>0x642</value>
      </symbol>
      <symbol id="sm-7c">
         <name>UCB0CTLW1_L</name>
         <value>0x642</value>
      </symbol>
      <symbol id="sm-7d">
         <name>UCB0CTLW1_H</name>
         <value>0x643</value>
      </symbol>
      <symbol id="sm-7e">
         <name>UCB0BRW</name>
         <value>0x646</value>
      </symbol>
      <symbol id="sm-7f">
         <name>UCB0BRW_L</name>
         <value>0x646</value>
      </symbol>
      <symbol id="sm-80">
         <name>UCB0BRW_H</name>
         <value>0x647</value>
      </symbol>
      <symbol id="sm-81">
         <name>UCB0STATW</name>
         <value>0x648</value>
      </symbol>
      <symbol id="sm-82">
         <name>UCB0STATW_L</name>
         <value>0x648</value>
      </symbol>
      <symbol id="sm-83">
         <name>UCB0STATW_H</name>
         <value>0x649</value>
      </symbol>
      <symbol id="sm-84">
         <name>UCB0TBCNT</name>
         <value>0x64a</value>
      </symbol>
      <symbol id="sm-85">
         <name>UCB0TBCNT_L</name>
         <value>0x64a</value>
      </symbol>
      <symbol id="sm-86">
         <name>UCB0TBCNT_H</name>
         <value>0x64b</value>
      </symbol>
      <symbol id="sm-87">
         <name>UCB0RXBUF</name>
         <value>0x64c</value>
      </symbol>
      <symbol id="sm-88">
         <name>UCB0RXBUF_L</name>
         <value>0x64c</value>
      </symbol>
      <symbol id="sm-89">
         <name>UCB0RXBUF_H</name>
         <value>0x64d</value>
      </symbol>
      <symbol id="sm-8a">
         <name>UCB0TXBUF</name>
         <value>0x64e</value>
      </symbol>
      <symbol id="sm-8b">
         <name>UCB0TXBUF_L</name>
         <value>0x64e</value>
      </symbol>
      <symbol id="sm-8c">
         <name>UCB0TXBUF_H</name>
         <value>0x64f</value>
      </symbol>
      <symbol id="sm-8d">
         <name>UCB0I2COA0</name>
         <value>0x654</value>
      </symbol>
      <symbol id="sm-8e">
         <name>UCB0I2COA0_L</name>
         <value>0x654</value>
      </symbol>
      <symbol id="sm-8f">
         <name>UCB0I2COA0_H</name>
         <value>0x655</value>
      </symbol>
      <symbol id="sm-90">
         <name>UCB0I2COA1</name>
         <value>0x656</value>
      </symbol>
      <symbol id="sm-91">
         <name>UCB0I2COA1_L</name>
         <value>0x656</value>
      </symbol>
      <symbol id="sm-92">
         <name>UCB0I2COA1_H</name>
         <value>0x657</value>
      </symbol>
      <symbol id="sm-93">
         <name>UCB0I2COA2</name>
         <value>0x658</value>
      </symbol>
      <symbol id="sm-94">
         <name>UCB0I2COA2_L</name>
         <value>0x658</value>
      </symbol>
      <symbol id="sm-95">
         <name>UCB0I2COA2_H</name>
         <value>0x659</value>
      </symbol>
      <symbol id="sm-96">
         <name>UCB0I2COA3</name>
         <value>0x65a</value>
      </symbol>
      <symbol id="sm-97">
         <name>UCB0I2COA3_L</name>
         <value>0x65a</value>
      </symbol>
      <symbol id="sm-98">
         <name>UCB0I2COA3_H</name>
         <value>0x65b</value>
      </symbol>
      <symbol id="sm-99">
         <name>UCB0ADDRX</name>
         <value>0x65c</value>
      </symbol>
      <symbol id="sm-9a">
         <name>UCB0ADDRX_L</name>
         <value>0x65c</value>
      </symbol>
      <symbol id="sm-9b">
         <name>UCB0ADDRX_H</name>
         <value>0x65d</value>
      </symbol>
      <symbol id="sm-9c">
         <name>UCB0ADDMASK</name>
         <value>0x65e</value>
      </symbol>
      <symbol id="sm-9d">
         <name>UCB0ADDMASK_L</name>
         <value>0x65e</value>
      </symbol>
      <symbol id="sm-9e">
         <name>UCB0ADDMASK_H</name>
         <value>0x65f</value>
      </symbol>
      <symbol id="sm-9f">
         <name>UCB0I2CSA</name>
         <value>0x660</value>
      </symbol>
      <symbol id="sm-a0">
         <name>UCB0I2CSA_L</name>
         <value>0x660</value>
      </symbol>
      <symbol id="sm-a1">
         <name>UCB0I2CSA_H</name>
         <value>0x661</value>
      </symbol>
      <symbol id="sm-a2">
         <name>UCB0IE</name>
         <value>0x66a</value>
      </symbol>
      <symbol id="sm-a3">
         <name>UCB0IE_L</name>
         <value>0x66a</value>
      </symbol>
      <symbol id="sm-a4">
         <name>UCB0IE_H</name>
         <value>0x66b</value>
      </symbol>
      <symbol id="sm-a5">
         <name>UCB0IFG</name>
         <value>0x66c</value>
      </symbol>
      <symbol id="sm-a6">
         <name>UCB0IFG_L</name>
         <value>0x66c</value>
      </symbol>
      <symbol id="sm-a7">
         <name>UCB0IFG_H</name>
         <value>0x66d</value>
      </symbol>
      <symbol id="sm-a8">
         <name>UCB0IV</name>
         <value>0x66e</value>
      </symbol>
      <symbol id="sm-a9">
         <name>SFRIE1</name>
         <value>0x100</value>
      </symbol>
      <symbol id="sm-aa">
         <name>SFRIE1_L</name>
         <value>0x100</value>
      </symbol>
      <symbol id="sm-ab">
         <name>SFRIE1_H</name>
         <value>0x101</value>
      </symbol>
      <symbol id="sm-ac">
         <name>SFRIFG1</name>
         <value>0x102</value>
      </symbol>
      <symbol id="sm-ad">
         <name>SFRIFG1_L</name>
         <value>0x102</value>
      </symbol>
      <symbol id="sm-ae">
         <name>SFRIFG1_H</name>
         <value>0x103</value>
      </symbol>
      <symbol id="sm-af">
         <name>SFRRPCR</name>
         <value>0x104</value>
      </symbol>
      <symbol id="sm-b0">
         <name>SFRRPCR_L</name>
         <value>0x104</value>
      </symbol>
      <symbol id="sm-b1">
         <name>SFRRPCR_H</name>
         <value>0x105</value>
      </symbol>
      <symbol id="sm-b2">
         <name>SYSCTL</name>
         <value>0x180</value>
      </symbol>
      <symbol id="sm-b3">
         <name>SYSCTL_L</name>
         <value>0x180</value>
      </symbol>
      <symbol id="sm-b4">
         <name>SYSCTL_H</name>
         <value>0x181</value>
      </symbol>
      <symbol id="sm-b5">
         <name>SYSJMBC</name>
         <value>0x186</value>
      </symbol>
      <symbol id="sm-b6">
         <name>SYSJMBC_L</name>
         <value>0x186</value>
      </symbol>
      <symbol id="sm-b7">
         <name>SYSJMBC_H</name>
         <value>0x187</value>
      </symbol>
      <symbol id="sm-b8">
         <name>SYSJMBI0</name>
         <value>0x188</value>
      </symbol>
      <symbol id="sm-b9">
         <name>SYSJMBI0_L</name>
         <value>0x188</value>
      </symbol>
      <symbol id="sm-ba">
         <name>SYSJMBI0_H</name>
         <value>0x189</value>
      </symbol>
      <symbol id="sm-bb">
         <name>SYSJMBI1</name>
         <value>0x18a</value>
      </symbol>
      <symbol id="sm-bc">
         <name>SYSJMBI1_L</name>
         <value>0x18a</value>
      </symbol>
      <symbol id="sm-bd">
         <name>SYSJMBI1_H</name>
         <value>0x18b</value>
      </symbol>
      <symbol id="sm-be">
         <name>SYSJMBO0</name>
         <value>0x18c</value>
      </symbol>
      <symbol id="sm-bf">
         <name>SYSJMBO0_L</name>
         <value>0x18c</value>
      </symbol>
      <symbol id="sm-c0">
         <name>SYSJMBO0_H</name>
         <value>0x18d</value>
      </symbol>
      <symbol id="sm-c1">
         <name>SYSJMBO1</name>
         <value>0x18e</value>
      </symbol>
      <symbol id="sm-c2">
         <name>SYSJMBO1_L</name>
         <value>0x18e</value>
      </symbol>
      <symbol id="sm-c3">
         <name>SYSJMBO1_H</name>
         <value>0x18f</value>
      </symbol>
      <symbol id="sm-c4">
         <name>SYSCNF</name>
         <value>0x190</value>
      </symbol>
      <symbol id="sm-c5">
         <name>SYSCNF_L</name>
         <value>0x190</value>
      </symbol>
      <symbol id="sm-c6">
         <name>SYSCNF_H</name>
         <value>0x191</value>
      </symbol>
      <symbol id="sm-c7">
         <name>SYSBERRIV</name>
         <value>0x198</value>
      </symbol>
      <symbol id="sm-c8">
         <name>SYSBERRIV_L</name>
         <value>0x198</value>
      </symbol>
      <symbol id="sm-c9">
         <name>SYSBERRIV_H</name>
         <value>0x199</value>
      </symbol>
      <symbol id="sm-ca">
         <name>SYSUNIV</name>
         <value>0x19a</value>
      </symbol>
      <symbol id="sm-cb">
         <name>SYSUNIV_L</name>
         <value>0x19a</value>
      </symbol>
      <symbol id="sm-cc">
         <name>SYSUNIV_H</name>
         <value>0x19b</value>
      </symbol>
      <symbol id="sm-cd">
         <name>SYSSNIV</name>
         <value>0x19c</value>
      </symbol>
      <symbol id="sm-ce">
         <name>SYSSNIV_L</name>
         <value>0x19c</value>
      </symbol>
      <symbol id="sm-cf">
         <name>SYSSNIV_H</name>
         <value>0x19d</value>
      </symbol>
      <symbol id="sm-d0">
         <name>SYSRSTIV</name>
         <value>0x19e</value>
      </symbol>
      <symbol id="sm-d1">
         <name>SYSRSTIV_L</name>
         <value>0x19e</value>
      </symbol>
      <symbol id="sm-d2">
         <name>SYSRSTIV_H</name>
         <value>0x19f</value>
      </symbol>
      <symbol id="sm-d3">
         <name>RFPMMCTL0</name>
         <value>0x120</value>
      </symbol>
      <symbol id="sm-d4">
         <name>RFPMMCTL0_L</name>
         <value>0x120</value>
      </symbol>
      <symbol id="sm-d5">
         <name>RFPMMCTL0_H</name>
         <value>0x121</value>
      </symbol>
      <symbol id="sm-d6">
         <name>RFPMMCTL1</name>
         <value>0x122</value>
      </symbol>
      <symbol id="sm-d7">
         <name>RFPMMCTL1_L</name>
         <value>0x122</value>
      </symbol>
      <symbol id="sm-d8">
         <name>RFPMMCTL1_H</name>
         <value>0x123</value>
      </symbol>
      <symbol id="sm-d9">
         <name>RFMMIE</name>
         <value>0x124</value>
      </symbol>
      <symbol id="sm-da">
         <name>RFMMIE_L</name>
         <value>0x124</value>
      </symbol>
      <symbol id="sm-db">
         <name>RFMMIE_H</name>
         <value>0x125</value>
      </symbol>
      <symbol id="sm-dc">
         <name>RFPMMIFG</name>
         <value>0x126</value>
      </symbol>
      <symbol id="sm-dd">
         <name>RFPMMIFG_L</name>
         <value>0x126</value>
      </symbol>
      <symbol id="sm-de">
         <name>RFPMMIFG_H</name>
         <value>0x127</value>
      </symbol>
      <symbol id="sm-df">
         <name>RFPMMIV</name>
         <value>0x128</value>
      </symbol>
      <symbol id="sm-e0">
         <name>RFPMMIV_L</name>
         <value>0x128</value>
      </symbol>
      <symbol id="sm-e1">
         <name>RFPMMIV_H</name>
         <value>0x129</value>
      </symbol>
      <symbol id="sm-e2">
         <name>TA0CTL</name>
         <value>0x340</value>
      </symbol>
      <symbol id="sm-e3">
         <name>TA0CCTL0</name>
         <value>0x342</value>
      </symbol>
      <symbol id="sm-e4">
         <name>TA0CCTL1</name>
         <value>0x344</value>
      </symbol>
      <symbol id="sm-e5">
         <name>TA0CCTL2</name>
         <value>0x346</value>
      </symbol>
      <symbol id="sm-e6">
         <name>TA0R</name>
         <value>0x350</value>
      </symbol>
      <symbol id="sm-e7">
         <name>TA0CCR0</name>
         <value>0x352</value>
      </symbol>
      <symbol id="sm-e8">
         <name>TA0CCR1</name>
         <value>0x354</value>
      </symbol>
      <symbol id="sm-e9">
         <name>TA0CCR2</name>
         <value>0x356</value>
      </symbol>
      <symbol id="sm-ea">
         <name>TA0IV</name>
         <value>0x36e</value>
      </symbol>
      <symbol id="sm-eb">
         <name>TA0EX0</name>
         <value>0x360</value>
      </symbol>
      <symbol id="sm-ec">
         <name>WDTCTL</name>
         <value>0x15c</value>
      </symbol>
      <symbol id="sm-ed">
         <name>WDTCTL_L</name>
         <value>0x15c</value>
      </symbol>
      <symbol id="sm-ee">
         <name>WDTCTL_H</name>
         <value>0x15d</value>
      </symbol>
      <symbol id="sm-ef">
         <name>__STACK_SIZE</name>
         <value>0x50</value>
      </symbol>
      <symbol id="sm-f0">
         <name>__STACK_END</name>
         <value>0x2c00</value>
      </symbol>
      <symbol id="sm-f1">
         <name>__c_args__</name>
         <value>0xffffffff</value>
      </symbol>
      <symbol id="sm-f2">
         <name>__TI_pprof_out_hndl</name>
         <value>0xffffffff</value>
      </symbol>
      <symbol id="sm-f3">
         <name>__TI_prof_data_start</name>
         <value>0xffffffff</value>
      </symbol>
      <symbol id="sm-f4">
         <name>__TI_prof_data_size</name>
         <value>0xffffffff</value>
      </symbol>
      <symbol id="sm-136">
         <name>main</name>
         <value>0xf840</value>
         <object_component_ref idref="oc-1ca"/>
      </symbol>
      <symbol id="sm-137">
         <name>_system_pre_init</name>
         <value>0xf8ea</value>
         <object_component_ref idref="oc-1c4"/>
      </symbol>
      <symbol id="sm-13a">
         <name>__TI_int05</name>
         <value>0xffea</value>
         <object_component_ref idref="oc-3f"/>
      </symbol>
      <symbol id="sm-13d">
         <name>__TI_int06</name>
         <value>0xffec</value>
         <object_component_ref idref="oc-40"/>
      </symbol>
      <symbol id="sm-140">
         <name>__TI_int07</name>
         <value>0xffee</value>
         <object_component_ref idref="oc-41"/>
      </symbol>
      <symbol id="sm-143">
         <name>__TI_int08</name>
         <value>0xfff0</value>
         <object_component_ref idref="oc-42"/>
      </symbol>
      <symbol id="sm-146">
         <name>__TI_int09</name>
         <value>0xfff2</value>
         <object_component_ref idref="oc-43"/>
      </symbol>
      <symbol id="sm-149">
         <name>__TI_int10</name>
         <value>0xfff4</value>
         <object_component_ref idref="oc-44"/>
      </symbol>
      <symbol id="sm-14c">
         <name>__TI_int11</name>
         <value>0xfff6</value>
         <object_component_ref idref="oc-45"/>
      </symbol>
      <symbol id="sm-14f">
         <name>__TI_int12</name>
         <value>0xfff8</value>
         <object_component_ref idref="oc-46"/>
      </symbol>
      <symbol id="sm-152">
         <name>__TI_int13</name>
         <value>0xfffa</value>
         <object_component_ref idref="oc-47"/>
      </symbol>
      <symbol id="sm-155">
         <name>__TI_int14</name>
         <value>0xfffc</value>
         <object_component_ref idref="oc-48"/>
      </symbol>
      <symbol id="sm-15d">
         <name>__TI_ISR_TRAP</name>
         <value>0xf8dc</value>
         <object_component_ref idref="oc-15f"/>
      </symbol>
      <symbol id="sm-16c">
         <name>_c_int00_noinit_noargs</name>
         <value>0xf8c8</value>
         <object_component_ref idref="oc-170"/>
      </symbol>
      <symbol id="sm-16d">
         <name>_stack</name>
         <value>0x2bb0</value>
         <object_component_ref idref="oc-139"/>
      </symbol>
      <symbol id="sm-16e">
         <name>_reset_vector</name>
         <value>0xfffe</value>
         <object_component_ref idref="oc-13c"/>
      </symbol>
      <symbol id="sm-17a">
         <name>C$$EXIT</name>
         <value>0xf8e4</value>
         <object_component_ref idref="oc-1ed"/>
      </symbol>
      <symbol id="sm-17b">
         <name>abort</name>
         <value>0xf8e4</value>
         <object_component_ref idref="oc-1ed"/>
      </symbol>
   </symbol_table>
   <title>Link successful</title>
</link_info>
